// Jest Snapshot v1, https://goo.gl/fbAQLP

exports[`<Label /> should match snapshot 1`] = `
.c0 {
  color: #656565;
  display: block;
  font-size: 0.875rem;
  font-weight: 400;
  margin-bottom: 6px;
}

<label
  class="c0"
  for="some-input"
>
  Label component
</label>
`;
