// Jest Snapshot v1, https://goo.gl/fbAQLP

exports[`<Main /> should match snapshot 1`] = `
<div>
  <main
    class=""
  >
    Render of Main component
  </main>
</div>
`;
