// Jest Snapshot v1, https://goo.gl/fbAQLP

exports[`<LoadingDots /> should match snapshot 1`] = `
.c0 {
  margin: auto;
  width: 70px;
  text-align: center;
}

.c1 {
  -webkit-animation: cevSmh 1.4s infinite ease-in-out both;
  animation: cevSmh 1.4s infinite ease-in-out both;
  background-color: #3d75bb;
  border-radius: 100%;
  display: inline-block;
  height: 10px;
  width: 10px;
}

.c1:nth-child(1) {
  -webkit-animation-delay: -0.32s;
  animation-delay: -0.32s;
}

.c1:nth-child(2) {
  -webkit-animation-delay: -0.16s;
  animation-delay: -0.16s;
}

.c1:not(:last-child) {
  margin-right: 3px;
}

<div
  class="c0"
>
  <div
    class="c1"
  />
  <div
    class="c1"
  />
  <div
    class="c1"
  />
</div>
`;
