// Jest Snapshot v1, https://goo.gl/fbAQLP

exports[`<Input /> should match snapshot 1`] = `
.c0 {
  color: #000;
  border: 1px solid;
  border-color: #dde6e9;
  border-radius: 4px;
  display: block;
  font-size: 0.875rem;
  line-height: 1;
  margin-bottom: 3px;
  padding: 10px 14px;
  width: 100%;
}

.c0:focus {
  border-color: #66afe9;
  outline: none;
}

<div>
  <input
    class="c0"
    id="some-input"
    name="some-input"
    placeholder="Input Component Placeholder"
    type="text"
  />
</div>
`;
